Error deleting chat by contact: invalid contactName entry - ocurred on Sat Nov 15 2025 12:08:46 GMT-0300 (Horário Padrão de Brasília)
Error deleting chat: deleteChatByContact returned false - ocurred on Sat Nov 15 2025 12:08:46 GMT-0300 (Horário Padrão de Brasília)
Error deleting chat by contact: invalid contactName entry - ocurred on Sat Nov 15 2025 12:09:19 GMT-0300 (Horário Padrão de Brasília)
Error deleting chat: deleteChatByContact returned false - ocurred on Sat Nov 15 2025 12:09:19 GMT-0300 (Horário Padrão de Brasília)
Error deleting chat by contact: invalid contactName entry - ocurred on Sat Nov 15 2025 12:09:48 GMT-0300 (Horário Padrão de Brasília)
Error deleting chat: deleteChatByContact returned false - ocurred on Sat Nov 15 2025 12:09:48 GMT-0300 (Horário Padrão de Brasília)
Error deleting chat by contact: invalid contactName entry - ocurred on Sat Nov 15 2025 12:12:55 GMT-0300 (Horário Padrão de Brasília)
Error deleting chat: deleteChatByContact returned false - ocurred on Sat Nov 15 2025 12:12:55 GMT-0300 (Horário Padrão de Brasília)
Error deleting chat by contact: invalid contactName entry - ocurred on Sat Nov 15 2025 12:13:43 GMT-0300 (Horário Padrão de Brasília)
Error deleting chat: deleteChatByContact returned false - ocurred on Sat Nov 15 2025 12:13:43 GMT-0300 (Horário Padrão de Brasília)
Error deleting chat by contact: invalid contactName entry - ocurred on Sat Nov 15 2025 12:19:58 GMT-0300 (Horário Padrão de Brasília)
Error deleting chat: deleteChatByContact returned false - ocurred on Sat Nov 15 2025 12:19:58 GMT-0300 (Horário Padrão de Brasília)
Error deleting chat by contact: invalid contactName entry - ocurred on Sat Nov 15 2025 12:32:26 GMT-0300 (Horário Padrão de Brasília)
Error deleting chat: deleteChatByContact returned false - ocurred on Sat Nov 15 2025 12:32:26 GMT-0300 (Horário Padrão de Brasília)
Error deleting chat by contact: invalid contactName entry - ocurred on Sat Nov 15 2025 12:33:40 GMT-0300 (Horário Padrão de Brasília)
Error deleting chat: deleteChatByContact returned false - ocurred on Sat Nov 15 2025 12:33:40 GMT-0300 (Horário Padrão de Brasília)
Error deleting chat by contact: invalid contactName entry - ocurred on Sat Nov 15 2025 12:33:45 GMT-0300 (Horário Padrão de Brasília)
Error deleting chat: deleteChatByContact returned false - ocurred on Sat Nov 15 2025 12:33:45 GMT-0300 (Horário Padrão de Brasília)
Error reading chat by users:  usernames or database invalid - ocurred on Sat Nov 15 2025 12:38:24 GMT-0300 (Horário Padrão de Brasília)
Error finding user joao: Name not found. - ocurred on Sat Nov 15 2025 12:40:06 GMT-0300 (Horário Padrão de Brasília)
Error when user are trying to add contact: user not found - ocurred on Sat Nov 15 2025 12:40:06 GMT-0300 (Horário Padrão de Brasília)
